Analysis & Synthesis report for Stepper
Mon Mar 24 13:20:35 2014
Quartus II 64-Bit Version 13.1.0 Build 162 10/23/2013 SJ Web Edition


---------------------
; Table of Contents ;
---------------------
  1. Legal Notice
  2. Analysis & Synthesis Summary
  3. Analysis & Synthesis Settings
  4. Parallel Compilation
  5. Analysis & Synthesis Source Files Read
  6. Analysis & Synthesis Resource Usage Summary
  7. Analysis & Synthesis Resource Utilization by Entity
  8. User-Specified and Inferred Latches
  9. General Register Statistics
 10. Multiplexer Restructuring Statistics (Restructuring Performed)
 11. Parameter Settings for User Entity Instance: Top-level Entity: |Stepper
 12. Parameter Settings for Inferred Entity Instance: lpm_mult:Mult0
 13. Parameter Settings for Inferred Entity Instance: lpm_divide:Div0
 14. lpm_mult Parameter Settings by Entity Instance
 15. Analysis & Synthesis Messages



----------------
; Legal Notice ;
----------------
Copyright (C) 1991-2013 Altera Corporation
Your use of Altera Corporation's design tools, logic functions 
and other software and tools, and its AMPP partner logic 
functions, and any output files from any of the foregoing 
(including device programming or simulation files), and any 
associated documentation or information are expressly subject 
to the terms and conditions of the Altera Program License 
Subscription Agreement, Altera MegaCore Function License 
Agreement, or other applicable license agreement, including, 
without limitation, that your use is for the sole purpose of 
programming logic devices manufactured by Altera and sold by 
Altera or its authorized distributors.  Please refer to the 
applicable agreement for further details.



+--------------------------------------------------------------------------+
; Analysis & Synthesis Summary                                             ;
+-----------------------------+--------------------------------------------+
; Analysis & Synthesis Status ; Successful - Mon Mar 24 13:20:35 2014      ;
; Quartus II 64-Bit Version   ; 13.1.0 Build 162 10/23/2013 SJ Web Edition ;
; Revision Name               ; Stepper                                    ;
; Top-level Entity Name       ; Stepper                                    ;
; Family                      ; MAX V                                      ;
; Total logic elements        ; 227                                        ;
; Total pins                  ; 36                                         ;
; Total virtual pins          ; 0                                          ;
; UFM blocks                  ; 0 / 1 ( 0 % )                              ;
+-----------------------------+--------------------------------------------+


+----------------------------------------------------------------------------------------------------------------------+
; Analysis & Synthesis Settings                                                                                        ;
+----------------------------------------------------------------------------+--------------------+--------------------+
; Option                                                                     ; Setting            ; Default Value      ;
+----------------------------------------------------------------------------+--------------------+--------------------+
; Device                                                                     ; 5M1270ZT144A5      ;                    ;
; Top-level entity name                                                      ; Stepper            ; Stepper            ;
; Family name                                                                ; MAX V              ; Cyclone IV GX      ;
; Use smart compilation                                                      ; Off                ; Off                ;
; Enable parallel Assembler and TimeQuest Timing Analyzer during compilation ; On                 ; On                 ;
; Enable compact report table                                                ; Off                ; Off                ;
; Restructure Multiplexers                                                   ; Auto               ; Auto               ;
; Create Debugging Nodes for IP Cores                                        ; Off                ; Off                ;
; Preserve fewer node names                                                  ; On                 ; On                 ;
; Disable OpenCore Plus hardware evaluation                                  ; Off                ; Off                ;
; Verilog Version                                                            ; Verilog_2001       ; Verilog_2001       ;
; VHDL Version                                                               ; VHDL_1993          ; VHDL_1993          ;
; State Machine Processing                                                   ; Auto               ; Auto               ;
; Safe State Machine                                                         ; Off                ; Off                ;
; Extract Verilog State Machines                                             ; On                 ; On                 ;
; Extract VHDL State Machines                                                ; On                 ; On                 ;
; Ignore Verilog initial constructs                                          ; Off                ; Off                ;
; Iteration limit for constant Verilog loops                                 ; 5000               ; 5000               ;
; Iteration limit for non-constant Verilog loops                             ; 250                ; 250                ;
; Add Pass-Through Logic to Inferred RAMs                                    ; On                 ; On                 ;
; Infer RAMs from Raw Logic                                                  ; On                 ; On                 ;
; Parallel Synthesis                                                         ; On                 ; On                 ;
; NOT Gate Push-Back                                                         ; On                 ; On                 ;
; Power-Up Don't Care                                                        ; On                 ; On                 ;
; Remove Redundant Logic Cells                                               ; Off                ; Off                ;
; Remove Duplicate Registers                                                 ; On                 ; On                 ;
; Ignore CARRY Buffers                                                       ; Off                ; Off                ;
; Ignore CASCADE Buffers                                                     ; Off                ; Off                ;
; Ignore GLOBAL Buffers                                                      ; Off                ; Off                ;
; Ignore ROW GLOBAL Buffers                                                  ; Off                ; Off                ;
; Ignore LCELL Buffers                                                       ; Off                ; Off                ;
; Ignore SOFT Buffers                                                        ; On                 ; On                 ;
; Limit AHDL Integers to 32 Bits                                             ; Off                ; Off                ;
; Optimization Technique                                                     ; Balanced           ; Balanced           ;
; Carry Chain Length                                                         ; 70                 ; 70                 ;
; Auto Carry Chains                                                          ; On                 ; On                 ;
; Auto Open-Drain Pins                                                       ; On                 ; On                 ;
; Perform WYSIWYG Primitive Resynthesis                                      ; Off                ; Off                ;
; Auto Shift Register Replacement                                            ; Auto               ; Auto               ;
; Allow Shift Register Merging across Hierarchies                            ; Auto               ; Auto               ;
; Auto Clock Enable Replacement                                              ; On                 ; On                 ;
; Allow Synchronous Control Signals                                          ; On                 ; On                 ;
; Force Use of Synchronous Clear Signals                                     ; Off                ; Off                ;
; Auto Resource Sharing                                                      ; Off                ; Off                ;
; Use LogicLock Constraints during Resource Balancing                        ; On                 ; On                 ;
; Ignore translate_off and synthesis_off directives                          ; Off                ; Off                ;
; Report Parameter Settings                                                  ; On                 ; On                 ;
; Report Source Assignments                                                  ; On                 ; On                 ;
; Report Connectivity Checks                                                 ; On                 ; On                 ;
; Ignore Maximum Fan-Out Assignments                                         ; Off                ; Off                ;
; Synchronization Register Chain Length                                      ; 2                  ; 2                  ;
; PowerPlay Power Optimization                                               ; Normal compilation ; Normal compilation ;
; HDL message level                                                          ; Level2             ; Level2             ;
; Suppress Register Optimization Related Messages                            ; Off                ; Off                ;
; Number of Removed Registers Reported in Synthesis Report                   ; 5000               ; 5000               ;
; Number of Swept Nodes Reported in Synthesis Report                         ; 5000               ; 5000               ;
; Number of Inverted Registers Reported in Synthesis Report                  ; 100                ; 100                ;
; Clock MUX Protection                                                       ; On                 ; On                 ;
; Block Design Naming                                                        ; Auto               ; Auto               ;
; Synthesis Effort                                                           ; Auto               ; Auto               ;
; Shift Register Replacement - Allow Asynchronous Clear Signal               ; On                 ; On                 ;
; Pre-Mapping Resynthesis Optimization                                       ; Off                ; Off                ;
; Analysis & Synthesis Message Level                                         ; Medium             ; Medium             ;
; Disable Register Merging Across Hierarchies                                ; Auto               ; Auto               ;
; Synthesis Seed                                                             ; 1                  ; 1                  ;
+----------------------------------------------------------------------------+--------------------+--------------------+


Parallel compilation was disabled, but you have multiple processors available. Enable parallel compilation to reduce compilation time.
+-------------------------------------+
; Parallel Compilation                ;
+----------------------------+--------+
; Processors                 ; Number ;
+----------------------------+--------+
; Number detected on machine ; 4      ;
; Maximum allowed            ; 1      ;
+----------------------------+--------+


+----------------------------------------------------------------------------------------------------------------------------------------------------------------------------+
; Analysis & Synthesis Source Files Read                                                                                                                                     ;
+----------------------------------+-----------------+------------------------------+------------------------------------------------------------------------------+---------+
; File Name with User-Entered Path ; Used in Netlist ; File Type                    ; File Name with Absolute Path                                                 ; Library ;
+----------------------------------+-----------------+------------------------------+------------------------------------------------------------------------------+---------+
; Stepper.vhd                      ; yes             ; User VHDL File               ; /home/singularity/GIT/2D-Mapping-VHDL/Stepper/Stepper.vhd                    ;         ;
; lpm_mult.tdf                     ; yes             ; Megafunction                 ; /usr/src/altera/13.1/quartus/libraries/megafunctions/lpm_mult.tdf            ;         ;
; aglobal131.inc                   ; yes             ; Megafunction                 ; /usr/src/altera/13.1/quartus/libraries/megafunctions/aglobal131.inc          ;         ;
; lpm_add_sub.inc                  ; yes             ; Megafunction                 ; /usr/src/altera/13.1/quartus/libraries/megafunctions/lpm_add_sub.inc         ;         ;
; multcore.inc                     ; yes             ; Megafunction                 ; /usr/src/altera/13.1/quartus/libraries/megafunctions/multcore.inc            ;         ;
; bypassff.inc                     ; yes             ; Megafunction                 ; /usr/src/altera/13.1/quartus/libraries/megafunctions/bypassff.inc            ;         ;
; altshift.inc                     ; yes             ; Megafunction                 ; /usr/src/altera/13.1/quartus/libraries/megafunctions/altshift.inc            ;         ;
; multcore.tdf                     ; yes             ; Megafunction                 ; /usr/src/altera/13.1/quartus/libraries/megafunctions/multcore.tdf            ;         ;
; csa_add.inc                      ; yes             ; Megafunction                 ; /usr/src/altera/13.1/quartus/libraries/megafunctions/csa_add.inc             ;         ;
; mpar_add.inc                     ; yes             ; Megafunction                 ; /usr/src/altera/13.1/quartus/libraries/megafunctions/mpar_add.inc            ;         ;
; muleabz.inc                      ; yes             ; Megafunction                 ; /usr/src/altera/13.1/quartus/libraries/megafunctions/muleabz.inc             ;         ;
; mul_lfrg.inc                     ; yes             ; Megafunction                 ; /usr/src/altera/13.1/quartus/libraries/megafunctions/mul_lfrg.inc            ;         ;
; mul_boothc.inc                   ; yes             ; Megafunction                 ; /usr/src/altera/13.1/quartus/libraries/megafunctions/mul_boothc.inc          ;         ;
; alt_ded_mult.inc                 ; yes             ; Megafunction                 ; /usr/src/altera/13.1/quartus/libraries/megafunctions/alt_ded_mult.inc        ;         ;
; alt_ded_mult_y.inc               ; yes             ; Megafunction                 ; /usr/src/altera/13.1/quartus/libraries/megafunctions/alt_ded_mult_y.inc      ;         ;
; dffpipe.inc                      ; yes             ; Megafunction                 ; /usr/src/altera/13.1/quartus/libraries/megafunctions/dffpipe.inc             ;         ;
; mpar_add.tdf                     ; yes             ; Megafunction                 ; /usr/src/altera/13.1/quartus/libraries/megafunctions/mpar_add.tdf            ;         ;
; lpm_add_sub.tdf                  ; yes             ; Megafunction                 ; /usr/src/altera/13.1/quartus/libraries/megafunctions/lpm_add_sub.tdf         ;         ;
; addcore.inc                      ; yes             ; Megafunction                 ; /usr/src/altera/13.1/quartus/libraries/megafunctions/addcore.inc             ;         ;
; look_add.inc                     ; yes             ; Megafunction                 ; /usr/src/altera/13.1/quartus/libraries/megafunctions/look_add.inc            ;         ;
; alt_stratix_add_sub.inc          ; yes             ; Megafunction                 ; /usr/src/altera/13.1/quartus/libraries/megafunctions/alt_stratix_add_sub.inc ;         ;
; addcore.tdf                      ; yes             ; Megafunction                 ; /usr/src/altera/13.1/quartus/libraries/megafunctions/addcore.tdf             ;         ;
; a_csnbuffer.inc                  ; yes             ; Megafunction                 ; /usr/src/altera/13.1/quartus/libraries/megafunctions/a_csnbuffer.inc         ;         ;
; a_csnbuffer.tdf                  ; yes             ; Megafunction                 ; /usr/src/altera/13.1/quartus/libraries/megafunctions/a_csnbuffer.tdf         ;         ;
; altshift.tdf                     ; yes             ; Megafunction                 ; /usr/src/altera/13.1/quartus/libraries/megafunctions/altshift.tdf            ;         ;
; lpm_divide.tdf                   ; yes             ; Megafunction                 ; /usr/src/altera/13.1/quartus/libraries/megafunctions/lpm_divide.tdf          ;         ;
; abs_divider.inc                  ; yes             ; Megafunction                 ; /usr/src/altera/13.1/quartus/libraries/megafunctions/abs_divider.inc         ;         ;
; sign_div_unsign.inc              ; yes             ; Megafunction                 ; /usr/src/altera/13.1/quartus/libraries/megafunctions/sign_div_unsign.inc     ;         ;
; db/lpm_divide_dul.tdf            ; yes             ; Auto-Generated Megafunction  ; /home/singularity/GIT/2D-Mapping-VHDL/Stepper/db/lpm_divide_dul.tdf          ;         ;
; db/sign_div_unsign_qlh.tdf       ; yes             ; Auto-Generated Megafunction  ; /home/singularity/GIT/2D-Mapping-VHDL/Stepper/db/sign_div_unsign_qlh.tdf     ;         ;
; db/alt_u_div_jie.tdf             ; yes             ; Auto-Generated Megafunction  ; /home/singularity/GIT/2D-Mapping-VHDL/Stepper/db/alt_u_div_jie.tdf           ;         ;
; db/add_sub_i4c.tdf               ; yes             ; Auto-Generated Megafunction  ; /home/singularity/GIT/2D-Mapping-VHDL/Stepper/db/add_sub_i4c.tdf             ;         ;
; db/add_sub_j4c.tdf               ; yes             ; Auto-Generated Megafunction  ; /home/singularity/GIT/2D-Mapping-VHDL/Stepper/db/add_sub_j4c.tdf             ;         ;
; db/add_sub_o4c.tdf               ; yes             ; Auto-Generated Megafunction  ; /home/singularity/GIT/2D-Mapping-VHDL/Stepper/db/add_sub_o4c.tdf             ;         ;
; db/add_sub_k4c.tdf               ; yes             ; Auto-Generated Megafunction  ; /home/singularity/GIT/2D-Mapping-VHDL/Stepper/db/add_sub_k4c.tdf             ;         ;
; db/add_sub_l4c.tdf               ; yes             ; Auto-Generated Megafunction  ; /home/singularity/GIT/2D-Mapping-VHDL/Stepper/db/add_sub_l4c.tdf             ;         ;
; db/add_sub_m4c.tdf               ; yes             ; Auto-Generated Megafunction  ; /home/singularity/GIT/2D-Mapping-VHDL/Stepper/db/add_sub_m4c.tdf             ;         ;
; db/add_sub_n4c.tdf               ; yes             ; Auto-Generated Megafunction  ; /home/singularity/GIT/2D-Mapping-VHDL/Stepper/db/add_sub_n4c.tdf             ;         ;
+----------------------------------+-----------------+------------------------------+------------------------------------------------------------------------------+---------+


+-----------------------------------------------------+
; Analysis & Synthesis Resource Usage Summary         ;
+---------------------------------------------+-------+
; Resource                                    ; Usage ;
+---------------------------------------------+-------+
; Total logic elements                        ; 227   ;
;     -- Combinational with no register       ; 188   ;
;     -- Register only                        ; 15    ;
;     -- Combinational with a register        ; 24    ;
;                                             ;       ;
; Logic element usage by number of LUT inputs ;       ;
;     -- 4 input functions                    ; 39    ;
;     -- 3 input functions                    ; 51    ;
;     -- 2 input functions                    ; 92    ;
;     -- 1 input functions                    ; 30    ;
;     -- 0 input functions                    ; 0     ;
;                                             ;       ;
; Logic elements by mode                      ;       ;
;     -- normal mode                          ; 148   ;
;     -- arithmetic mode                      ; 79    ;
;     -- qfbk mode                            ; 0     ;
;     -- register cascade mode                ; 0     ;
;     -- synchronous clear/load mode          ; 8     ;
;     -- asynchronous clear/load mode         ; 0     ;
;                                             ;       ;
; Total registers                             ; 39    ;
; Total logic cells in carry chains           ; 99    ;
; I/O pins                                    ; 36    ;
; Maximum fan-out node                        ; CLK   ;
; Maximum fan-out                             ; 24    ;
; Total fan-out                               ; 616   ;
; Average fan-out                             ; 2.34  ;
+---------------------------------------------+-------+


+---------------------------------------------------------------------------------------------------------------------------------------------------------------------------------------------------------------------------------------------------------------------------------------------------------------------------------------------------+
; Analysis & Synthesis Resource Utilization by Entity                                                                                                                                                                                                                                                                                               ;
+---------------------------------------------+-------------+--------------+------------+------+--------------+--------------+-------------------+------------------+-----------------+------------+---------------------------------------------------------------------------------------------------------------------------------+--------------+
; Compilation Hierarchy Node                  ; Logic Cells ; LC Registers ; UFM Blocks ; Pins ; Virtual Pins ; LUT-Only LCs ; Register-Only LCs ; LUT/Register LCs ; Carry Chain LCs ; Packed LCs ; Full Hierarchy Name                                                                                                             ; Library Name ;
+---------------------------------------------+-------------+--------------+------------+------+--------------+--------------+-------------------+------------------+-----------------+------------+---------------------------------------------------------------------------------------------------------------------------------+--------------+
; |Stepper                                    ; 227 (89)    ; 39           ; 0          ; 36   ; 0            ; 188 (50)     ; 15 (15)           ; 24 (24)          ; 99 (31)         ; 0 (0)      ; |Stepper                                                                                                                        ; work         ;
;    |lpm_divide:Div0|                        ; 116 (0)     ; 0            ; 0          ; 0    ; 0            ; 116 (0)      ; 0 (0)             ; 0 (0)            ; 60 (0)          ; 0 (0)      ; |Stepper|lpm_divide:Div0                                                                                                        ; work         ;
;       |lpm_divide_dul:auto_generated|       ; 116 (0)     ; 0            ; 0          ; 0    ; 0            ; 116 (0)      ; 0 (0)             ; 0 (0)            ; 60 (0)          ; 0 (0)      ; |Stepper|lpm_divide:Div0|lpm_divide_dul:auto_generated                                                                          ; work         ;
;          |sign_div_unsign_qlh:divider|      ; 116 (0)     ; 0            ; 0          ; 0    ; 0            ; 116 (0)      ; 0 (0)             ; 0 (0)            ; 60 (0)          ; 0 (0)      ; |Stepper|lpm_divide:Div0|lpm_divide_dul:auto_generated|sign_div_unsign_qlh:divider                                              ; work         ;
;             |alt_u_div_jie:divider|         ; 116 (56)    ; 0            ; 0          ; 0    ; 0            ; 116 (56)     ; 0 (0)             ; 0 (0)            ; 60 (0)          ; 0 (0)      ; |Stepper|lpm_divide:Div0|lpm_divide_dul:auto_generated|sign_div_unsign_qlh:divider|alt_u_div_jie:divider                        ; work         ;
;                |add_sub_n4c:add_sub_5|      ; 6 (6)       ; 0            ; 0          ; 0    ; 0            ; 6 (6)        ; 0 (0)             ; 0 (0)            ; 6 (6)           ; 0 (0)      ; |Stepper|lpm_divide:Div0|lpm_divide_dul:auto_generated|sign_div_unsign_qlh:divider|alt_u_div_jie:divider|add_sub_n4c:add_sub_5  ; work         ;
;                |add_sub_o4c:add_sub_10|     ; 7 (7)       ; 0            ; 0          ; 0    ; 0            ; 7 (7)        ; 0 (0)             ; 0 (0)            ; 7 (7)           ; 0 (0)      ; |Stepper|lpm_divide:Div0|lpm_divide_dul:auto_generated|sign_div_unsign_qlh:divider|alt_u_div_jie:divider|add_sub_o4c:add_sub_10 ; work         ;
;                |add_sub_o4c:add_sub_11|     ; 7 (7)       ; 0            ; 0          ; 0    ; 0            ; 7 (7)        ; 0 (0)             ; 0 (0)            ; 7 (7)           ; 0 (0)      ; |Stepper|lpm_divide:Div0|lpm_divide_dul:auto_generated|sign_div_unsign_qlh:divider|alt_u_div_jie:divider|add_sub_o4c:add_sub_11 ; work         ;
;                |add_sub_o4c:add_sub_12|     ; 7 (7)       ; 0            ; 0          ; 0    ; 0            ; 7 (7)        ; 0 (0)             ; 0 (0)            ; 7 (7)           ; 0 (0)      ; |Stepper|lpm_divide:Div0|lpm_divide_dul:auto_generated|sign_div_unsign_qlh:divider|alt_u_div_jie:divider|add_sub_o4c:add_sub_12 ; work         ;
;                |add_sub_o4c:add_sub_13|     ; 5 (5)       ; 0            ; 0          ; 0    ; 0            ; 5 (5)        ; 0 (0)             ; 0 (0)            ; 5 (5)           ; 0 (0)      ; |Stepper|lpm_divide:Div0|lpm_divide_dul:auto_generated|sign_div_unsign_qlh:divider|alt_u_div_jie:divider|add_sub_o4c:add_sub_13 ; work         ;
;                |add_sub_o4c:add_sub_6|      ; 7 (7)       ; 0            ; 0          ; 0    ; 0            ; 7 (7)        ; 0 (0)             ; 0 (0)            ; 7 (7)           ; 0 (0)      ; |Stepper|lpm_divide:Div0|lpm_divide_dul:auto_generated|sign_div_unsign_qlh:divider|alt_u_div_jie:divider|add_sub_o4c:add_sub_6  ; work         ;
;                |add_sub_o4c:add_sub_7|      ; 7 (7)       ; 0            ; 0          ; 0    ; 0            ; 7 (7)        ; 0 (0)             ; 0 (0)            ; 7 (7)           ; 0 (0)      ; |Stepper|lpm_divide:Div0|lpm_divide_dul:auto_generated|sign_div_unsign_qlh:divider|alt_u_div_jie:divider|add_sub_o4c:add_sub_7  ; work         ;
;                |add_sub_o4c:add_sub_8|      ; 7 (7)       ; 0            ; 0          ; 0    ; 0            ; 7 (7)        ; 0 (0)             ; 0 (0)            ; 7 (7)           ; 0 (0)      ; |Stepper|lpm_divide:Div0|lpm_divide_dul:auto_generated|sign_div_unsign_qlh:divider|alt_u_div_jie:divider|add_sub_o4c:add_sub_8  ; work         ;
;                |add_sub_o4c:add_sub_9|      ; 7 (7)       ; 0            ; 0          ; 0    ; 0            ; 7 (7)        ; 0 (0)             ; 0 (0)            ; 7 (7)           ; 0 (0)      ; |Stepper|lpm_divide:Div0|lpm_divide_dul:auto_generated|sign_div_unsign_qlh:divider|alt_u_div_jie:divider|add_sub_o4c:add_sub_9  ; work         ;
;    |lpm_mult:Mult0|                         ; 22 (0)      ; 0            ; 0          ; 0    ; 0            ; 22 (0)       ; 0 (0)             ; 0 (0)            ; 8 (0)           ; 0 (0)      ; |Stepper|lpm_mult:Mult0                                                                                                         ; work         ;
;       |multcore:mult_core|                  ; 22 (14)     ; 0            ; 0          ; 0    ; 0            ; 22 (14)      ; 0 (0)             ; 0 (0)            ; 8 (0)           ; 0 (0)      ; |Stepper|lpm_mult:Mult0|multcore:mult_core                                                                                      ; work         ;
;          |mpar_add:padder|                  ; 8 (0)       ; 0            ; 0          ; 0    ; 0            ; 8 (0)        ; 0 (0)             ; 0 (0)            ; 8 (0)           ; 0 (0)      ; |Stepper|lpm_mult:Mult0|multcore:mult_core|mpar_add:padder                                                                      ; work         ;
;             |lpm_add_sub:adder[0]|          ; 8 (0)       ; 0            ; 0          ; 0    ; 0            ; 8 (0)        ; 0 (0)             ; 0 (0)            ; 8 (0)           ; 0 (0)      ; |Stepper|lpm_mult:Mult0|multcore:mult_core|mpar_add:padder|lpm_add_sub:adder[0]                                                 ; work         ;
;                |addcore:adder|              ; 8 (0)       ; 0            ; 0          ; 0    ; 0            ; 8 (0)        ; 0 (0)             ; 0 (0)            ; 8 (0)           ; 0 (0)      ; |Stepper|lpm_mult:Mult0|multcore:mult_core|mpar_add:padder|lpm_add_sub:adder[0]|addcore:adder                                   ; work         ;
;                   |a_csnbuffer:result_node| ; 8 (8)       ; 0            ; 0          ; 0    ; 0            ; 8 (8)        ; 0 (0)             ; 0 (0)            ; 8 (8)           ; 0 (0)      ; |Stepper|lpm_mult:Mult0|multcore:mult_core|mpar_add:padder|lpm_add_sub:adder[0]|addcore:adder|a_csnbuffer:result_node           ; work         ;
+---------------------------------------------+-------------+--------------+------------+------+--------------+--------------+-------------------+------------------+-----------------+------------+---------------------------------------------------------------------------------------------------------------------------------+--------------+
Note: For table entries with two numbers listed, the numbers in parentheses indicate the number of resources of the given type used by the specific entity alone. The numbers listed outside of parentheses indicate the total resources of the given type used by the specific entity and all of its sub-entities in the hierarchy.


+---------------------------------------------------------------------------------------------------+
; User-Specified and Inferred Latches                                                               ;
+----------------------------------------------------+---------------------+------------------------+
; Latch Name                                         ; Latch Enable Signal ; Free of Timing Hazards ;
+----------------------------------------------------+---------------------+------------------------+
; req_steps[0]                                       ; process_1           ; yes                    ;
; req_steps[1]                                       ; process_1           ; yes                    ;
; req_steps[2]                                       ; process_1           ; yes                    ;
; req_steps[3]                                       ; process_1           ; yes                    ;
; req_steps[4]                                       ; process_1           ; yes                    ;
; req_steps[5]                                       ; process_1           ; yes                    ;
; req_steps[6]                                       ; process_1           ; yes                    ;
; req_steps[7]                                       ; process_1           ; yes                    ;
; Number of user-specified and inferred latches = 8  ;                     ;                        ;
+----------------------------------------------------+---------------------+------------------------+
Note: All latches listed above may not be present at the end of synthesis due to various synthesis optimizations.


+------------------------------------------------------+
; General Register Statistics                          ;
+----------------------------------------------+-------+
; Statistic                                    ; Value ;
+----------------------------------------------+-------+
; Total registers                              ; 39    ;
; Number of registers using Synchronous Clear  ; 8     ;
; Number of registers using Synchronous Load   ; 0     ;
; Number of registers using Asynchronous Clear ; 0     ;
; Number of registers using Asynchronous Load  ; 0     ;
; Number of registers using Clock Enable       ; 14    ;
; Number of registers using Preset             ; 0     ;
+----------------------------------------------+-------+


+------------------------------------------------------------------------------------------------------------------------------------------+
; Multiplexer Restructuring Statistics (Restructuring Performed)                                                                           ;
+--------------------+-----------+---------------+----------------------+------------------------+------------+----------------------------+
; Multiplexer Inputs ; Bus Width ; Baseline Area ; Area if Restructured ; Saving if Restructured ; Registered ; Example Multiplexer Output ;
+--------------------+-----------+---------------+----------------------+------------------------+------------+----------------------------+
; 4:1                ; 8 bits    ; 16 LEs        ; 8 LEs                ; 8 LEs                  ; Yes        ; |Stepper|a_steps[1]        ;
+--------------------+-----------+---------------+----------------------+------------------------+------------+----------------------------+


+-------------------------------------------------------------------------+
; Parameter Settings for User Entity Instance: Top-level Entity: |Stepper ;
+-------------------+---------+-------------------------------------------+
; Parameter Name    ; Value   ; Type                                      ;
+-------------------+---------+-------------------------------------------+
; DISTANCE_PER_STEP ; 44      ; Signed Integer                            ;
; CLK_DIVIDER       ; 6000000 ; Signed Integer                            ;
+-------------------+---------+-------------------------------------------+
Note: In order to hide this table in the UI and the text report file, please set the "Show Parameter Settings in Synthesis Report" option in "Analysis and Synthesis Settings -> More Settings" to "Off".


+---------------------------------------------------------------------------------+
; Parameter Settings for Inferred Entity Instance: lpm_mult:Mult0                 ;
+------------------------------------------------+----------+---------------------+
; Parameter Name                                 ; Value    ; Type                ;
+------------------------------------------------+----------+---------------------+
; AUTO_CARRY_CHAINS                              ; ON       ; AUTO_CARRY          ;
; IGNORE_CARRY_BUFFERS                           ; OFF      ; IGNORE_CARRY        ;
; AUTO_CASCADE_CHAINS                            ; ON       ; AUTO_CASCADE        ;
; IGNORE_CASCADE_BUFFERS                         ; OFF      ; IGNORE_CASCADE      ;
; LPM_WIDTHA                                     ; 8        ; Untyped             ;
; LPM_WIDTHB                                     ; 6        ; Untyped             ;
; LPM_WIDTHP                                     ; 14       ; Untyped             ;
; LPM_WIDTHR                                     ; 14       ; Untyped             ;
; LPM_WIDTHS                                     ; 1        ; Untyped             ;
; LPM_REPRESENTATION                             ; UNSIGNED ; Untyped             ;
; LPM_PIPELINE                                   ; 0        ; Untyped             ;
; LATENCY                                        ; 0        ; Untyped             ;
; INPUT_A_IS_CONSTANT                            ; NO       ; Untyped             ;
; INPUT_B_IS_CONSTANT                            ; YES      ; Untyped             ;
; USE_EAB                                        ; OFF      ; Untyped             ;
; MAXIMIZE_SPEED                                 ; 5        ; Untyped             ;
; DEVICE_FAMILY                                  ; MAX V    ; Untyped             ;
; CARRY_CHAIN                                    ; MANUAL   ; Untyped             ;
; APEX20K_TECHNOLOGY_MAPPER                      ; LUT      ; TECH_MAPPER_APEX20K ;
; DEDICATED_MULTIPLIER_CIRCUITRY                 ; AUTO     ; Untyped             ;
; DEDICATED_MULTIPLIER_MIN_INPUT_WIDTH_FOR_AUTO  ; 0        ; Untyped             ;
; DEDICATED_MULTIPLIER_MIN_OUTPUT_WIDTH_FOR_AUTO ; 0        ; Untyped             ;
; CBXI_PARAMETER                                 ; NOTHING  ; Untyped             ;
; INPUT_A_FIXED_VALUE                            ; Bx       ; Untyped             ;
; INPUT_B_FIXED_VALUE                            ; Bx       ; Untyped             ;
; USE_AHDL_IMPLEMENTATION                        ; OFF      ; Untyped             ;
+------------------------------------------------+----------+---------------------+
Note: In order to hide this table in the UI and the text report file, please set the "Show Parameter Settings in Synthesis Report" option in "Analysis and Synthesis Settings -> More Settings" to "Off".


+------------------------------------------------------------------+
; Parameter Settings for Inferred Entity Instance: lpm_divide:Div0 ;
+------------------------+----------------+------------------------+
; Parameter Name         ; Value          ; Type                   ;
+------------------------+----------------+------------------------+
; LPM_WIDTHN             ; 14             ; Untyped                ;
; LPM_WIDTHD             ; 6              ; Untyped                ;
; LPM_NREPRESENTATION    ; UNSIGNED       ; Untyped                ;
; LPM_DREPRESENTATION    ; UNSIGNED       ; Untyped                ;
; LPM_PIPELINE           ; 0              ; Untyped                ;
; LPM_REMAINDERPOSITIVE  ; TRUE           ; Untyped                ;
; MAXIMIZE_SPEED         ; 5              ; Untyped                ;
; CBXI_PARAMETER         ; lpm_divide_dul ; Untyped                ;
; CARRY_CHAIN            ; MANUAL         ; Untyped                ;
; OPTIMIZE_FOR_SPEED     ; 5              ; Untyped                ;
; AUTO_CARRY_CHAINS      ; ON             ; AUTO_CARRY             ;
; IGNORE_CARRY_BUFFERS   ; OFF            ; IGNORE_CARRY           ;
; AUTO_CASCADE_CHAINS    ; ON             ; AUTO_CASCADE           ;
; IGNORE_CASCADE_BUFFERS ; OFF            ; IGNORE_CASCADE         ;
+------------------------+----------------+------------------------+
Note: In order to hide this table in the UI and the text report file, please set the "Show Parameter Settings in Synthesis Report" option in "Analysis and Synthesis Settings -> More Settings" to "Off".


+--------------------------------------------------------+
; lpm_mult Parameter Settings by Entity Instance         ;
+---------------------------------------+----------------+
; Name                                  ; Value          ;
+---------------------------------------+----------------+
; Number of entity instances            ; 1              ;
; Entity Instance                       ; lpm_mult:Mult0 ;
;     -- LPM_WIDTHA                     ; 8              ;
;     -- LPM_WIDTHB                     ; 6              ;
;     -- LPM_WIDTHP                     ; 14             ;
;     -- LPM_REPRESENTATION             ; UNSIGNED       ;
;     -- INPUT_A_IS_CONSTANT            ; NO             ;
;     -- INPUT_B_IS_CONSTANT            ; YES            ;
;     -- USE_EAB                        ; OFF            ;
;     -- DEDICATED_MULTIPLIER_CIRCUITRY ; AUTO           ;
;     -- INPUT_A_FIXED_VALUE            ; Bx             ;
;     -- INPUT_B_FIXED_VALUE            ; Bx             ;
+---------------------------------------+----------------+


+-------------------------------+
; Analysis & Synthesis Messages ;
+-------------------------------+
Info: *******************************************************************
Info: Running Quartus II 64-Bit Analysis & Synthesis
    Info: Version 13.1.0 Build 162 10/23/2013 SJ Web Edition
    Info: Processing started: Mon Mar 24 13:20:32 2014
Info: Command: quartus_map --read_settings_files=on --write_settings_files=off Stepper -c Stepper
Warning (20028): Parallel compilation is not licensed and has been disabled
Info (12021): Found 2 design units, including 1 entities, in source file Stepper.vhd
    Info (12022): Found design unit 1: Stepper-main
    Info (12023): Found entity 1: Stepper
Info (12127): Elaborating entity "Stepper" for the top level hierarchy
Warning (10492): VHDL Process Statement warning at Stepper.vhd(98): signal "DISTANCE" is read inside the Process Statement but isn't in the Process Statement's sensitivity list
Warning (10631): VHDL Process Statement warning at Stepper.vhd(94): inferring latch(es) for signal or variable "req_steps", which holds its previous value in one or more paths through the process
Info (10041): Inferred latch for "req_steps[0]" at Stepper.vhd(94)
Info (10041): Inferred latch for "req_steps[1]" at Stepper.vhd(94)
Info (10041): Inferred latch for "req_steps[2]" at Stepper.vhd(94)
Info (10041): Inferred latch for "req_steps[3]" at Stepper.vhd(94)
Info (10041): Inferred latch for "req_steps[4]" at Stepper.vhd(94)
Info (10041): Inferred latch for "req_steps[5]" at Stepper.vhd(94)
Info (10041): Inferred latch for "req_steps[6]" at Stepper.vhd(94)
Info (10041): Inferred latch for "req_steps[7]" at Stepper.vhd(94)
Info (278001): Inferred 2 megafunctions from design logic
    Info (278003): Inferred multiplier megafunction ("lpm_mult") from the following logic: "Mult0"
    Info (278004): Inferred divider/modulo megafunction ("lpm_divide") from the following logic: "Div0"
Info (12130): Elaborated megafunction instantiation "lpm_mult:Mult0"
Info (12133): Instantiated megafunction "lpm_mult:Mult0" with the following parameter:
    Info (12134): Parameter "LPM_WIDTHA" = "8"
    Info (12134): Parameter "LPM_WIDTHB" = "6"
    Info (12134): Parameter "LPM_WIDTHP" = "14"
    Info (12134): Parameter "LPM_WIDTHR" = "14"
    Info (12134): Parameter "LPM_WIDTHS" = "1"
    Info (12134): Parameter "LPM_REPRESENTATION" = "UNSIGNED"
    Info (12134): Parameter "INPUT_A_IS_CONSTANT" = "NO"
    Info (12134): Parameter "INPUT_B_IS_CONSTANT" = "YES"
    Info (12134): Parameter "MAXIMIZE_SPEED" = "5"
Info (12131): Elaborated megafunction instantiation "lpm_mult:Mult0|multcore:mult_core", which is child of megafunction instantiation "lpm_mult:Mult0"
Info (12131): Elaborated megafunction instantiation "lpm_mult:Mult0|multcore:mult_core|mpar_add:padder", which is child of megafunction instantiation "lpm_mult:Mult0"
Info (12131): Elaborated megafunction instantiation "lpm_mult:Mult0|multcore:mult_core|mpar_add:padder|lpm_add_sub:adder[0]", which is child of megafunction instantiation "lpm_mult:Mult0"
Info (12131): Elaborated megafunction instantiation "lpm_mult:Mult0|multcore:mult_core|mpar_add:padder|lpm_add_sub:adder[0]|addcore:adder", which is child of megafunction instantiation "lpm_mult:Mult0"
Info (12131): Elaborated megafunction instantiation "lpm_mult:Mult0|multcore:mult_core|mpar_add:padder|lpm_add_sub:adder[0]|addcore:adder|a_csnbuffer:oflow_node", which is child of megafunction instantiation "lpm_mult:Mult0"
Info (12131): Elaborated megafunction instantiation "lpm_mult:Mult0|multcore:mult_core|mpar_add:padder|lpm_add_sub:adder[0]|addcore:adder|a_csnbuffer:result_node", which is child of megafunction instantiation "lpm_mult:Mult0"
Info (12131): Elaborated megafunction instantiation "lpm_mult:Mult0|multcore:mult_core|mpar_add:padder|lpm_add_sub:adder[0]|altshift:result_ext_latency_ffs", which is child of megafunction instantiation "lpm_mult:Mult0"
Info (12131): Elaborated megafunction instantiation "lpm_mult:Mult0|multcore:mult_core|mpar_add:padder|lpm_add_sub:adder[0]|altshift:carry_ext_latency_ffs", which is child of megafunction instantiation "lpm_mult:Mult0"
Info (12131): Elaborated megafunction instantiation "lpm_mult:Mult0|altshift:external_latency_ffs", which is child of megafunction instantiation "lpm_mult:Mult0"
Info (12130): Elaborated megafunction instantiation "lpm_divide:Div0"
Info (12133): Instantiated megafunction "lpm_divide:Div0" with the following parameter:
    Info (12134): Parameter "LPM_WIDTHN" = "14"
    Info (12134): Parameter "LPM_WIDTHD" = "6"
    Info (12134): Parameter "LPM_NREPRESENTATION" = "UNSIGNED"
    Info (12134): Parameter "LPM_DREPRESENTATION" = "UNSIGNED"
Info (12021): Found 1 design units, including 1 entities, in source file db/lpm_divide_dul.tdf
    Info (12023): Found entity 1: lpm_divide_dul
Info (12021): Found 1 design units, including 1 entities, in source file db/sign_div_unsign_qlh.tdf
    Info (12023): Found entity 1: sign_div_unsign_qlh
Info (12021): Found 1 design units, including 1 entities, in source file db/alt_u_div_jie.tdf
    Info (12023): Found entity 1: alt_u_div_jie
Info (12021): Found 1 design units, including 1 entities, in source file db/add_sub_i4c.tdf
    Info (12023): Found entity 1: add_sub_i4c
Info (12021): Found 1 design units, including 1 entities, in source file db/add_sub_j4c.tdf
    Info (12023): Found entity 1: add_sub_j4c
Info (12021): Found 1 design units, including 1 entities, in source file db/add_sub_o4c.tdf
    Info (12023): Found entity 1: add_sub_o4c
Info (12021): Found 1 design units, including 1 entities, in source file db/add_sub_k4c.tdf
    Info (12023): Found entity 1: add_sub_k4c
Info (12021): Found 1 design units, including 1 entities, in source file db/add_sub_l4c.tdf
    Info (12023): Found entity 1: add_sub_l4c
Info (12021): Found 1 design units, including 1 entities, in source file db/add_sub_m4c.tdf
    Info (12023): Found entity 1: add_sub_m4c
Info (12021): Found 1 design units, including 1 entities, in source file db/add_sub_n4c.tdf
    Info (12023): Found entity 1: add_sub_n4c
Warning (13024): Output pins are stuck at VCC or GND
    Warning (13410): Pin "STATUS[0]" is stuck at GND
    Warning (13410): Pin "STATUS[1]" is stuck at GND
Warning (21074): Design contains 2 input pin(s) that do not drive logic
    Warning (15610): No output dependent on input pin "DISTANCE[1]"
    Warning (15610): No output dependent on input pin "DISTANCE[0]"
Info (21057): Implemented 263 device resources after synthesis - the final resource count might be different
    Info (21058): Implemented 17 input pins
    Info (21059): Implemented 19 output pins
    Info (21061): Implemented 227 logic cells
Info: Quartus II 64-Bit Analysis & Synthesis was successful. 0 errors, 9 warnings
    Info: Peak virtual memory: 701 megabytes
    Info: Processing ended: Mon Mar 24 13:20:35 2014
    Info: Elapsed time: 00:00:03
    Info: Total CPU time (on all processors): 00:00:03


